[tunis-wp.ibthemespro.com/index.html]
[backblue.gif]
[fade.gif]
[index.html]
[tunis-wp.ibthemespro.com/wp-includes/css/dashicons.min1e39.css]
[tunis-wp.ibthemespro.com/feed/index.html]
[tunis-wp.ibthemespro.com/wp-content/plugins/menu-icons/css/fontawesome/css/all.min7a5f.css]
[tunis-wp.ibthemespro.com/wp-content/plugins/menu-icons/css/extra.minb36a.css]
[tunis-wp.ibthemespro.com/comments/feed/index.html]
[tunis-wp.ibthemespro.com/wp-includes/css/dist/block-library/style.min1e39.css]
[tunis-wp.ibthemespro.com/wp-content/plugins/contact-form-7/includes/css/styles41a3.css]
[tunis-wp.ibthemespro.com/wp-content/plugins/tunis-toolkit/assets/css/circle5152.css]
[tunis-wp.ibthemespro.com/wp-content/plugins/tunis-toolkit/assets/css/tunis-toolkit5152.css]
[tunis-wp.ibthemespro.com/wp-content/themes/tunis-wp/assets/css/animate.min5152.css]
[tunis-wp.ibthemespro.com/wp-content/themes/tunis-wp/assets/css/bootstrap.mince52.css]
[tunis-wp.ibthemespro.com/wp-content/themes/tunis-wp/assets/css/font-awesome-pro7a5f.css]
[tunis-wp.ibthemespro.com/wp-content/themes/tunis-wp/assets/css/meanmenu5d0a.css]
[tunis-wp.ibthemespro.com/wp-content/themes/tunis-wp/assets/css/reset5152.css]
[tunis-wp.ibthemespro.com/wp-content/themes/tunis-wp/style1e39.css]
[tunis-wp.ibthemespro.com/wp-content/plugins/elementor/assets/lib/eicons/css/elementor-icons.min192d.css]
[tunis-wp.ibthemespro.com/wp-content/uploads/elementor/css/custom-frontend-lite.min6611.css]
[tunis-wp.ibthemespro.com/wp-content/plugins/elementor/assets/lib/swiper/v8/css/swiper.min94a4.css]
[tunis-wp.ibthemespro.com/wp-content/uploads/elementor/css/post-8a0e9.css]
[tunis-wp.ibthemespro.com/wp-content/plugins/tunis-toolkit/elementor-addons/widgets/css/tunis-essentials1e39.css]
[tunis-wp.ibthemespro.com/wp-content/uploads/elementor/css/global54ba.css]
[tunis-wp.ibthemespro.com/wp-content/uploads/elementor/css/post-149381b.css]
[tunis-wp.ibthemespro.com/wp-content/plugins/elementor/assets/lib/font-awesome/css/fontawesome.min52d5.css]
[tunis-wp.ibthemespro.com/wp-content/plugins/elementor/assets/lib/font-awesome/css/solid.min52d5.css]
[tunis-wp.ibthemespro.com/wp-includes/js/jquery/jquery.minf43b.js]
[tunis-wp.ibthemespro.com/wp-includes/js/jquery/jquery-migrate.min5589.js]
[tunis-wp.ibthemespro.com/wp-content/plugins/tunis-toolkit/assets/js/modernizer5152.js]
[tunis-wp.ibthemespro.com/wp-json/wp/v2/pages/149.json]
[tunis-wp.ibthemespro.com/wp-json/index.html]
[tunis-wp.ibthemespro.com/wp-json/oembed/1.0/embed2e65.json]
[tunis-wp.ibthemespro.com/wp-json/oembed/1.0/embedf6ff]
[tunis-wp.ibthemespro.com/wp-content/uploads/2023/10/cropped-f_icon-32x32.png]
[tunis-wp.ibthemespro.com/wp-content/uploads/2023/10/cropped-f_icon-192x192.png]
[tunis-wp.ibthemespro.com/wp-content/uploads/2023/10/cropped-f_icon-180x180.png]
[tunis-wp.ibthemespro.com/wp-content/uploads/2023/09/2.jpg]
[tunis-wp.ibthemespro.com/about-me/index.html]
[tunis-wp.ibthemespro.com/wp-content/uploads/2023/09/img-mobile.jpg]
[tunis-wp.ibthemespro.com/contact/index.html]
[tunis-wp.ibthemespro.com/blog/index.html]
[tunis-wp.ibthemespro.com/wp-content/plugins/contact-form-7/includes/swv/js/index41a3.js]
[tunis-wp.ibthemespro.com/works/index.html]
[tunis-wp.ibthemespro.com/wp-content/plugins/contact-form-7/includes/js/index41a3.js]
[tunis-wp.ibthemespro.com/wp-content/plugins/tunis-toolkit/assets/js/fm.revealator.jquery.min5152.js]
[tunis-wp.ibthemespro.com/wp-content/plugins/tunis-toolkit/assets/js/imagesloaded-pkgdeda1.js]
[tunis-wp.ibthemespro.com/wp-content/plugins/tunis-toolkit/assets/js/isotope.pkgd.min605a.js]
[tunis-wp.ibthemespro.com/wp-content/plugins/tunis-toolkit/assets/js/classie8a54.js]
[tunis-wp.ibthemespro.com/wp-content/plugins/tunis-toolkit/assets/js/cbpGridGallery8a54.js]
[tunis-wp.ibthemespro.com/wp-content/plugins/tunis-toolkit/assets/js/jquery.hoverdirf488.js]
[tunis-wp.ibthemespro.com/wp-content/plugins/tunis-toolkit/assets/js/popper.minf488.js]
[tunis-wp.ibthemespro.com/wp-content/plugins/tunis-toolkit/assets/js/plugin-active5152.js]
[tunis-wp.ibthemespro.com/wp-content/themes/tunis-wp/assets/js/bootstrap.mince52.js]
[tunis-wp.ibthemespro.com/wp-includes/js/imagesloaded.minbb93.js]
[tunis-wp.ibthemespro.com/wp-includes/js/masonry.min3a05.js]
[tunis-wp.ibthemespro.com/wp-includes/js/jquery/jquery.masonry.minef70.js]
[tunis-wp.ibthemespro.com/wp-content/themes/tunis-wp/assets/js/main5152.js]
[tunis-wp.ibthemespro.com/wp-content/plugins/elementor/assets/js/webpack.runtime.min6e14.js]
[tunis-wp.ibthemespro.com/wp-content/plugins/elementor/assets/lib/waypoints/waypoints.min05da.js]
[tunis-wp.ibthemespro.com/wp-content/plugins/elementor/assets/js/frontend-modules.min6e14.js]
[tunis-wp.ibthemespro.com/wp-includes/js/jquery/ui/core.min3f14.js]
[tunis-wp.ibthemespro.com/index.html]
[tunis-wp.ibthemespro.com/wp-content/plugins/elementor/assets/js/frontend.min6e14.js]
[tunis-wp.ibthemespro.com/wp-includes/fonts/dashicons7d4b.eot]
[tunis-wp.ibthemespro.com/wp-includes/css/dashicons.min1e39.css]
[tunis-wp.ibthemespro.com/wp-includes/fonts/dashicons7d4b.ttf]
[tunis-wp.ibthemespro.com/wp-content/plugins/menu-icons/css/fontawesome/webfonts/fa-brands-400.woff2]
[tunis-wp.ibthemespro.com/wp-content/plugins/menu-icons/css/fontawesome/webfonts/fa-regular-400.woff2]
[tunis-wp.ibthemespro.com/wp-content/plugins/menu-icons/css/fontawesome/webfonts/fa-brands-400.ttf]
[tunis-wp.ibthemespro.com/wp-content/plugins/menu-icons/css/fontawesome/webfonts/fa-regular-400.ttf]
[tunis-wp.ibthemespro.com/wp-content/plugins/menu-icons/css/fontawesome/webfonts/fa-solid-900.woff2]
[tunis-wp.ibthemespro.com/wp-content/plugins/menu-icons/css/fontawesome/webfonts/fa-v4compatibility.woff2]
[tunis-wp.ibthemespro.com/wp-content/plugins/menu-icons/css/fontawesome/css/all.min7a5f.css]
[tunis-wp.ibthemespro.com/wp-content/plugins/menu-icons/css/extra.minb36a.css]
[tunis-wp.ibthemespro.com/wp-includes/css/dist/block-library/style.min1e39.css]
[tunis-wp.ibthemespro.com/wp-content/plugins/contact-form-7/includes/css/styles41a3.css]
[tunis-wp.ibthemespro.com/wp-content/plugins/tunis-toolkit/assets/css/circle5152.css]
[tunis-wp.ibthemespro.com/wp-content/plugins/menu-icons/css/fontawesome/webfonts/fa-v4compatibility.ttf]
[tunis-wp.ibthemespro.com/wp-content/plugins/menu-icons/css/fontawesome/webfonts/fa-solid-900.ttf]
[tunis-wp.ibthemespro.com/wp-content/plugins/tunis-toolkit/assets/img/2.jpg]
[tunis-wp.ibthemespro.com/wp-content/plugins/tunis-toolkit/assets/img/projects/navigation/right-arrow.png]
[tunis-wp.ibthemespro.com/wp-content/plugins/tunis-toolkit/assets/img/projects/navigation/left-arrow.png]
[tunis-wp.ibthemespro.com/wp-content/plugins/tunis-toolkit/assets/img/projects/navigation/close-button.png]
[tunis-wp.ibthemespro.com/wp-content/plugins/tunis-toolkit/assets/css/tunis-toolkit5152.css]
[tunis-wp.ibthemespro.com/wp-content/themes/tunis-wp/assets/css/animate.min5152.css]
[tunis-wp.ibthemespro.com/wp-content/themes/tunis-wp/assets/css/bootstrap.mince52.css]
[tunis-wp.ibthemespro.com/wp-content/themes/tunis-wp/assets/webfonts/fa-brands-400.eot]
[tunis-wp.ibthemespro.com/wp-content/themes/tunis-wp/assets/webfonts/fa-brands-400.woff2]
[tunis-wp.ibthemespro.com/wp-content/themes/tunis-wp/assets/webfonts/fa-brands-400d41d.eot]
[tunis-wp.ibthemespro.com/wp-content/themes/tunis-wp/assets/webfonts/fa-brands-400.woff]
[tunis-wp.ibthemespro.com/wp-content/themes/tunis-wp/assets/webfonts/fa-brands-400.ttf]
[tunis-wp.ibthemespro.com/wp-content/themes/tunis-wp/assets/webfonts/fa-regular-400.eot]
[tunis-wp.ibthemespro.com/wp-content/themes/tunis-wp/assets/webfonts/fa-regular-400d41d.eot]
[tunis-wp.ibthemespro.com/wp-content/themes/tunis-wp/assets/webfonts/fa-regular-400.woff2]
[tunis-wp.ibthemespro.com/wp-content/themes/tunis-wp/assets/webfonts/fa-regular-400.woff]
[tunis-wp.ibthemespro.com/wp-content/themes/tunis-wp/assets/webfonts/fa-brands-400.svg]
[tunis-wp.ibthemespro.com/wp-content/themes/tunis-wp/assets/webfonts/fa-regular-400.ttf]
[tunis-wp.ibthemespro.com/wp-content/themes/tunis-wp/assets/webfonts/fa-regular-400.svg]
[tunis-wp.ibthemespro.com/wp-content/themes/tunis-wp/assets/webfonts/fa-solid-900.eot]
[tunis-wp.ibthemespro.com/wp-content/themes/tunis-wp/assets/webfonts/fa-solid-900.woff2]
[tunis-wp.ibthemespro.com/wp-content/themes/tunis-wp/assets/webfonts/fa-solid-900.woff]
[tunis-wp.ibthemespro.com/wp-content/themes/tunis-wp/assets/webfonts/fa-solid-900.ttf]
[tunis-wp.ibthemespro.com/wp-content/themes/tunis-wp/assets/webfonts/fa-solid-900d41d.eot]
[tunis-wp.ibthemespro.com/wp-content/themes/tunis-wp/assets/css/font-awesome-pro7a5f.css]
[tunis-wp.ibthemespro.com/wp-content/themes/tunis-wp/assets/css/meanmenu5d0a.html]
[tunis-wp.ibthemespro.com/wp-content/themes/tunis-wp/assets/css/reset5152.css]
[tunis-wp.ibthemespro.com/wp-content/themes/tunis-wp/assets/img/select-arrow.png]
[tunis-wp.ibthemespro.com/wp-content/themes/tunis-wp/style1e39.css]
[tunis-wp.ibthemespro.com/wp-content/themes/tunis-wp/assets/css/tunis-default8a54.css]
[tunis-wp.ibthemespro.com/wp-content/plugins/elementor/assets/lib/eicons/fonts/eicons9506.eot]
[tunis-wp.ibthemespro.com/wp-content/plugins/elementor/assets/lib/eicons/fonts/eicons9506.woff2]
[tunis-wp.ibthemespro.com/wp-content/themes/tunis-wp/assets/webfonts/fa-solid-900.svg]
[tunis-wp.ibthemespro.com/wp-content/plugins/elementor/assets/lib/eicons/fonts/eicons9506.woff]
[tunis-wp.ibthemespro.com/wp-content/plugins/elementor/assets/lib/eicons/fonts/eicons9506.ttf]
[tunis-wp.ibthemespro.com/wp-content/plugins/elementor/assets/lib/eicons/css/elementor-icons.min192d.css]
[tunis-wp.ibthemespro.com/wp-content/uploads/elementor/css/custom-frontend-lite.min6611.css]
[tunis-wp.ibthemespro.com/wp-content/plugins/elementor/assets/lib/swiper/v8/css/swiper.min94a4.css]
[tunis-wp.ibthemespro.com/wp-content/uploads/elementor/css/post-8a0e9.css]
[tunis-wp.ibthemespro.com/wp-content/plugins/tunis-toolkit/elementor-addons/widgets/css/tunis-essentials1e39.css]
[tunis-wp.ibthemespro.com/wp-content/uploads/elementor/css/global54ba.css]
[tunis-wp.ibthemespro.com/wp-content/uploads/elementor/css/post-149381b.css]
[tunis-wp.ibthemespro.com/wp-content/plugins/elementor/assets/lib/font-awesome/css/fontawesome.min52d5.css]
[tunis-wp.ibthemespro.com/wp-content/plugins/elementor/assets/lib/eicons/fonts/eicons9506.svg]
[tunis-wp.ibthemespro.com/wp-content/plugins/elementor/assets/lib/font-awesome/webfonts/fa-solid-900.eot]
[tunis-wp.ibthemespro.com/wp-content/plugins/elementor/assets/lib/font-awesome/webfonts/fa-solid-900d41d.eot]
[tunis-wp.ibthemespro.com/wp-content/plugins/elementor/assets/lib/font-awesome/webfonts/fa-solid-900.woff2]
[tunis-wp.ibthemespro.com/wp-content/plugins/elementor/assets/lib/font-awesome/webfonts/fa-solid-900.woff]
[tunis-wp.ibthemespro.com/wp-content/plugins/elementor/assets/lib/font-awesome/webfonts/fa-solid-900.ttf]
[tunis-wp.ibthemespro.com/wp-content/plugins/elementor/assets/lib/font-awesome/css/solid.min52d5.css]
[tunis-wp.ibthemespro.com/xmlrpc0db0.html]
[tunis-wp.ibthemespro.com/wp-content/plugins/elementor/assets/lib/font-awesome/webfonts/fa-solid-900.svg]
[tunis-wp.ibthemespro.com/wp-content/uploads/elementor/css/post-63789f9.css]
[tunis-wp.ibthemespro.com/wp-json/wp/v2/pages/637.json]
[tunis-wp.ibthemespro.com/wp-json/oembed/1.0/embed31af.json]
[tunis-wp.ibthemespro.com/wp-json/oembed/1.0/embed5719]
[tunis-wp.ibthemespro.com/wp-content/uploads/2023/10/sample.pdf]
[tunis-wp.ibthemespro.com/about-me/index.html]
[tunis-wp.ibthemespro.com/wp-content/uploads/elementor/css/post-222f549.css]
[tunis-wp.ibthemespro.com/wp-json/wp/v2/pages/222.json]
[tunis-wp.ibthemespro.com/wp-json/oembed/1.0/embed0607.json]
[tunis-wp.ibthemespro.com/wp-json/oembed/1.0/embedd9d2]
[tunis-wp.ibthemespro.com/wp-content/uploads/2023/09/project-1.jpg]
[tunis-wp.ibthemespro.com/wp-content/uploads/2023/09/project-2.jpg]
[tunis-wp.ibthemespro.com/wp-content/uploads/2023/09/project-3.jpg]
[tunis-wp.ibthemespro.com/wp-content/uploads/2023/09/project-4.jpg]
[tunis-wp.ibthemespro.com/wp-content/uploads/2023/09/project-5.jpg]
[tunis-wp.ibthemespro.com/wp-content/uploads/2023/09/project-6.jpg]
[tunis-wp.ibthemespro.com/wp-content/uploads/2023/09/project-7.jpg]
[tunis-wp.ibthemespro.com/wp-content/uploads/2023/09/project-8.jpg]
[tunis-wp.ibthemespro.com/wp-content/uploads/2023/09/project-9.jpg]
[tunis-wp.ibthemespro.com/wp-content/plugins/tunis-toolkit/assets/img/left-arrow.png]
[tunis-wp.ibthemespro.com/wp-content/plugins/tunis-toolkit/assets/img/right-arrow.png]
[tunis-wp.ibthemespro.com/wp-content/plugins/tunis-toolkit/assets/img/close-button.png]
[tunis-wp.ibthemespro.com/works/index.html]
[tunis-wp.ibthemespro.com/wp-content/uploads/elementor/css/post-23354ba.css]
[tunis-wp.ibthemespro.com/wp-content/plugins/elementor/assets/lib/font-awesome/css/brands.min52d5.css]
[tunis-wp.ibthemespro.com/wp-json/wp/v2/pages/233.json]
[tunis-wp.ibthemespro.com/wp-json/oembed/1.0/embede109.json]
[tunis-wp.ibthemespro.com/contact/index.html]
[tunis-wp.ibthemespro.com/wp-json/oembed/1.0/embed4f9a]
[tunis-wp.ibthemespro.com/wp-content/uploads/elementor/css/post-2411e19.css]
[tunis-wp.ibthemespro.com/wp-json/wp/v2/pages/241.json]
[tunis-wp.ibthemespro.com/wp-json/oembed/1.0/embedafd3.json]
[tunis-wp.ibthemespro.com/wp-json/oembed/1.0/embedb3fd]
[tunis-wp.ibthemespro.com/wp-content/uploads/2023/09/blog-post-6.jpg]
[tunis-wp.ibthemespro.com/wp-content/uploads/2023/09/blog-post-1.jpg]
[tunis-wp.ibthemespro.com/2023/10/14/evergreen-versus-topical-content-an-overview/index.html]
[tunis-wp.ibthemespro.com/wp-content/uploads/2023/09/blog-post-2.jpg]
[tunis-wp.ibthemespro.com/wp-content/uploads/2023/09/blog-post-3.jpg]
[tunis-wp.ibthemespro.com/2023/10/12/top-10-toolkits-for-deep-learning-in-2020/index.html]
[tunis-wp.ibthemespro.com/2023/10/12/how-to-own-your-audience-by-creating-an-email-list/index.html]
[tunis-wp.ibthemespro.com/2023/10/12/everything-you-need-to-know-about-web-accessibility/index.html]
[tunis-wp.ibthemespro.com/wp-content/uploads/2023/09/blog-post-4.jpg]
[tunis-wp.ibthemespro.com/wp-content/uploads/2023/09/blog-post-5.jpg]
[tunis-wp.ibthemespro.com/blog/index.html]
[tunis-wp.ibthemespro.com/wp-content/plugins/tunis-toolkit/assets/img/2.html]
[tunis-wp.ibthemespro.com/wp-content/plugins/tunis-toolkit/assets/img/projects/navigation/right-arrow.html]
[tunis-wp.ibthemespro.com/wp-content/plugins/tunis-toolkit/assets/img/projects/navigation/left-arrow.html]
[tunis-wp.ibthemespro.com/wp-content/plugins/tunis-toolkit/assets/img/projects/navigation/close-button.html]
[tunis-wp.ibthemespro.com/wp-content/themes/tunis-wp/assets/webfonts/fa-brands-400.svg]
[tunis-wp.ibthemespro.com/wp-content/themes/tunis-wp/assets/webfonts/fa-regular-400.svg]
[tunis-wp.ibthemespro.com/wp-content/themes/tunis-wp/assets/webfonts/fa-solid-900.svg]
[tunis-wp.ibthemespro.com/wp-content/plugins/elementor/assets/lib/eicons/fonts/eicons9506.svg]
[tunis-wp.ibthemespro.com/wp-content/plugins/elementor/assets/lib/font-awesome/webfonts/fa-solid-900.svg]
[tunis-wp.ibthemespro.com/wp-content/uploads/elementor/css/post-63789f9.css]
[tunis-wp.ibthemespro.com/index38bf.html]
[tunis-wp.ibthemespro.com/wp-content/uploads/elementor/css/post-222f549.css]
[tunis-wp.ibthemespro.com/indexb4c1.html]
[tunis-wp.ibthemespro.com/wp-content/uploads/elementor/css/post-23354ba.css]
[tunis-wp.ibthemespro.com/2023/10/12/how-to-inject-humor-comedy-into-your-brand/index.html]
[tunis-wp.ibthemespro.com/2023/10/12/women-in-web-design-how-to-achieve-success/index.html]
[tunis-wp.ibthemespro.com/blog/page/2/index.html]
[tunis-wp.ibthemespro.com/wp-content/plugins/elementor/assets/lib/font-awesome/webfonts/fa-brands-400.eot]
[tunis-wp.ibthemespro.com/wp-content/plugins/elementor/assets/lib/font-awesome/webfonts/fa-brands-400.woff2]
[tunis-wp.ibthemespro.com/wp-content/plugins/elementor/assets/lib/font-awesome/webfonts/fa-brands-400d41d.eot]
[tunis-wp.ibthemespro.com/wp-content/plugins/elementor/assets/lib/font-awesome/webfonts/fa-brands-400.woff]
[tunis-wp.ibthemespro.com/wp-content/plugins/elementor/assets/lib/font-awesome/webfonts/fa-brands-400.ttf]
[tunis-wp.ibthemespro.com/wp-content/plugins/elementor/assets/lib/font-awesome/css/brands.min52d5.css]
[tunis-wp.ibthemespro.com/index85b0.html]
[tunis-wp.ibthemespro.com/wp-content/uploads/elementor/css/post-2411e19.css]
[tunis-wp.ibthemespro.com/index03e1.html]
[tunis-wp.ibthemespro.com/wp-content/plugins/elementor/assets/lib/font-awesome/webfonts/fa-brands-400.svg]
[tunis-wp.ibthemespro.com/wp-json/wp/v2/posts/1830.json]
[tunis-wp.ibthemespro.com/2023/10/14/evergreen-versus-topical-content-an-overview/feed/index.html]
[tunis-wp.ibthemespro.com/wp-json/oembed/1.0/embed8f9f.json]
[tunis-wp.ibthemespro.com/wp-json/oembed/1.0/embed7448]
[tunis-wp.ibthemespro.com/wp-content/uploads/2023/09/blog-post-6-730x390.jpg]
[tunis-wp.ibthemespro.com/wp-content/uploads/2023/09/blog-post-6-150x150.jpg]
[tunis-wp.ibthemespro.com/author/bostami/index.html]
[tunis-wp.ibthemespro.com/tag/app/index.html]
[tunis-wp.ibthemespro.com/tag/design/index.html]
[tunis-wp.ibthemespro.com/wp-content/uploads/2023/09/blog-post-1-150x150.jpg]
[tunis-wp.ibthemespro.com/wp-content/uploads/2023/09/blog-post-2-150x150.jpg]
[tunis-wp.ibthemespro.com/wp-content/uploads/2023/09/blog-post-3-150x150.jpg]
[tunis-wp.ibthemespro.com/wp-content/uploads/2023/09/blog-post-4-150x150.jpg]
[tunis-wp.ibthemespro.com/wp-includes/js/comment-reply.min1e39.js]
[tunis-wp.ibthemespro.com/2023/10/14/evergreen-versus-topical-content-an-overview/index.html]
[tunis-wp.ibthemespro.com/category/education/index.html]
[tunis-wp.ibthemespro.com/wp-json/wp/v2/posts/1719.json]
[tunis-wp.ibthemespro.com/category/information/index.html]
[tunis-wp.ibthemespro.com/category/skill/index.html]
[tunis-wp.ibthemespro.com/category/learn/index.html]
[tunis-wp.ibthemespro.com/wp-json/oembed/1.0/embedd277.json]
[tunis-wp.ibthemespro.com/category/travel/index.html]
[tunis-wp.ibthemespro.com/category/uncategorized/index.html]
[tunis-wp.ibthemespro.com/category/webdesign/index.html]
[tunis-wp.ibthemespro.com/wp-json/oembed/1.0/embed5c19]
[tunis-wp.ibthemespro.com/tag/best/index.html]
[tunis-wp.ibthemespro.com/tag/it/index.html]
[tunis-wp.ibthemespro.com/tag/personal/index.html]
[tunis-wp.ibthemespro.com/wp-content/uploads/2023/09/blog-post-1-730x390.jpg]
[tunis-wp.ibthemespro.com/2023/10/12/how-to-own-your-audience-by-creating-an-email-list/index.html]
[tunis-wp.ibthemespro.com/tag/resume/index.html]
[tunis-wp.ibthemespro.com/2023/10/12/how-to-own-your-audience-by-creating-an-email-list/feed/index.html]
[tunis-wp.ibthemespro.com/2023/10/12/top-10-toolkits-for-deep-learning-in-2020/feed/index.html]
[tunis-wp.ibthemespro.com/wp-json/wp/v2/posts/1717.json]
[tunis-wp.ibthemespro.com/wp-json/oembed/1.0/embed86b4.json]
[tunis-wp.ibthemespro.com/wp-json/oembed/1.0/embed13cb]
[tunis-wp.ibthemespro.com/wp-content/uploads/2023/09/blog-post-2-730x390.jpg]
[tunis-wp.ibthemespro.com/2023/10/12/top-10-toolkits-for-deep-learning-in-2020/index.html]
[tunis-wp.ibthemespro.com/wp-json/wp/v2/posts/1715.json]
[tunis-wp.ibthemespro.com/2023/10/12/everything-you-need-to-know-about-web-accessibility/feed/index.html]
[tunis-wp.ibthemespro.com/wp-json/oembed/1.0/embed55c4.json]
[tunis-wp.ibthemespro.com/wp-json/oembed/1.0/embedd8c4]
[tunis-wp.ibthemespro.com/wp-content/uploads/2023/09/blog-post-3-730x390.jpg]
[tunis-wp.ibthemespro.com/2023/10/12/everything-you-need-to-know-about-web-accessibility/index.html]
[tunis-wp.ibthemespro.com/wp-json/wp/v2/posts/1713.json]
[tunis-wp.ibthemespro.com/2023/10/12/how-to-inject-humor-comedy-into-your-brand/feed/index.html]
[tunis-wp.ibthemespro.com/wp-json/oembed/1.0/embed79c2.json]
[tunis-wp.ibthemespro.com/wp-json/oembed/1.0/embedbb4f]
[tunis-wp.ibthemespro.com/wp-content/uploads/2023/09/blog-post-4-730x390.jpg]
[tunis-wp.ibthemespro.com/2023/10/12/how-to-inject-humor-comedy-into-your-brand/index.html]
[tunis-wp.ibthemespro.com/wp-json/wp/v2/posts/1711.json]
[tunis-wp.ibthemespro.com/2023/10/12/women-in-web-design-how-to-achieve-success/feed/index.html]
[tunis-wp.ibthemespro.com/wp-json/oembed/1.0/embedcbe9.json]
[tunis-wp.ibthemespro.com/wp-json/oembed/1.0/embed62f6]
[tunis-wp.ibthemespro.com/wp-content/uploads/2023/09/blog-post-5-730x390.jpg]
[tunis-wp.ibthemespro.com/2023/10/12/women-in-web-design-how-to-achieve-success/index.html]
[tunis-wp.ibthemespro.com/blog/page/2/index.html]
[tunis-wp.ibthemespro.com/wp-content/plugins/elementor/assets/lib/font-awesome/webfonts/fa-brands-400.svg]
[tunis-wp.ibthemespro.com/index8b41.html]
[tunis-wp.ibthemespro.com/xmlrpc.html]
[tunis-wp.ibthemespro.com/author/bostami/index.html]
[tunis-wp.ibthemespro.com/2023/09/12/develop-bron-versus-topical-content-checking-up/index.html]
[tunis-wp.ibthemespro.com/author/bostami/page/2/index.html]
[tunis-wp.ibthemespro.com/author/bostami/feed/index.html]
[tunis-wp.ibthemespro.com/wp-json/wp/v2/tags/13.json]
[tunis-wp.ibthemespro.com/tag/app/index.html]
[tunis-wp.ibthemespro.com/tag/app/feed/index.html]
[tunis-wp.ibthemespro.com/wp-json/wp/v2/tags/17.json]
[tunis-wp.ibthemespro.com/tag/design/index.html]
[tunis-wp.ibthemespro.com/tag/design/feed/index.html]
[tunis-wp.ibthemespro.com/wp-json/wp/v2/categories/6.json]
[tunis-wp.ibthemespro.com/category/education/index.html]
[tunis-wp.ibthemespro.com/category/education/feed/index.html]
[tunis-wp.ibthemespro.com/wp-json/wp/v2/categories/7.json]
[tunis-wp.ibthemespro.com/category/information/index.html]
[tunis-wp.ibthemespro.com/category/information/feed/index.html]
[tunis-wp.ibthemespro.com/wp-json/wp/v2/categories/8.json]
[tunis-wp.ibthemespro.com/category/learn/index.html]
[tunis-wp.ibthemespro.com/category/learn/feed/index.html]
[tunis-wp.ibthemespro.com/wp-json/wp/v2/categories/9.json]
[tunis-wp.ibthemespro.com/category/skill/index.html]
[tunis-wp.ibthemespro.com/category/skill/feed/index.html]
[tunis-wp.ibthemespro.com/wp-json/wp/v2/categories/10.json]
[tunis-wp.ibthemespro.com/category/travel/index.html]
[tunis-wp.ibthemespro.com/category/travel/feed/index.html]
[tunis-wp.ibthemespro.com/wp-json/wp/v2/categories/1.json]
[tunis-wp.ibthemespro.com/category/uncategorized/index.html]
[tunis-wp.ibthemespro.com/category/uncategorized/feed/index.html]
[tunis-wp.ibthemespro.com/wp-json/wp/v2/categories/2.json]
[tunis-wp.ibthemespro.com/category/webdesign/index.html]
[tunis-wp.ibthemespro.com/category/webdesign/feed/index.html]
[tunis-wp.ibthemespro.com/wp-json/wp/v2/tags/24.json]
[tunis-wp.ibthemespro.com/tag/best/index.html]
[tunis-wp.ibthemespro.com/tag/best/feed/index.html]
[tunis-wp.ibthemespro.com/wp-json/wp/v2/tags/25.json]
[tunis-wp.ibthemespro.com/tag/it/index.html]
[tunis-wp.ibthemespro.com/tag/it/feed/index.html]
[tunis-wp.ibthemespro.com/tag/personal/feed/index.html]
[tunis-wp.ibthemespro.com/wp-json/wp/v2/tags/26.json]
[tunis-wp.ibthemespro.com/tag/personal/index.html]
[tunis-wp.ibthemespro.com/wp-json/wp/v2/tags/27.json]
[tunis-wp.ibthemespro.com/tag/resume/index.html]
[tunis-wp.ibthemespro.com/index8042.html]
[tunis-wp.ibthemespro.com/index6713.html]
[tunis-wp.ibthemespro.com/indexc5b3.html]
[tunis-wp.ibthemespro.com/index0d4d.html]
[tunis-wp.ibthemespro.com/indexd900.html]
[tunis-wp.ibthemespro.com/tag/resume/feed/index.html]
[tunis-wp.ibthemespro.com/wp-json/wp/v2/posts/1008.json]
[tunis-wp.ibthemespro.com/2023/09/12/develop-bron-versus-topical-content-checking-up/feed/index.html]
[tunis-wp.ibthemespro.com/wp-json/oembed/1.0/embed41e0.json]
[tunis-wp.ibthemespro.com/2023/09/12/develop-bron-versus-topical-content-checking-up/index.html]
[tunis-wp.ibthemespro.com/blog/page/1/index.html]
[tunis-wp.ibthemespro.com/wp-json/wp/v2/users/1.html]
[tunis-wp.ibthemespro.com/author/bostami/page/2/index.html]
[tunis-wp.ibthemespro.com/index4192.html]
[tunis-wp.ibthemespro.com/wp-json/oembed/1.0/embedeb1e]
